<?xml version="1.0" encoding="UTF-8"?>
<testsuites name="jest tests" tests="2" failures="0" errors="0" time="15.169">
  <testsuite name="undefined" errors="0" failures="0" skipped="0" timestamp="2025-05-26T01:00:43" time="3.641" tests="1">
    <testcase classname=" Add component loads successfully" name=" Add component loads successfully" time="0.055">
    </testcase>
  </testsuite>
  <testsuite name="undefined" errors="0" failures="0" skipped="0" timestamp="2025-05-26T01:00:43" time="4.184" tests="1">
    <testcase classname=" renders without crashing" name=" renders without crashing" time="0.042">
    </testcase>
  </testsuite>
</testsuites>